]0;/home/randommonkey/shiny-apps/caf-general]0;randommonkey@ip-172-31-34-190: ~/shiny-apps/caf-general[01;32mrandommonkey@ip-172-31-34-190[00m:[01;34m~/shiny-apps/caf-general[00m$ [K]0;randommonkey@ip-172-31-34-190: ~/shiny-apps/caf-general[01;32mrandommonkey@ip-172-31-34-190[00m:[01;34m~/shiny-apps/caf-general[00m$ git chea[Kkcout[K[K[K[K[Kckout -- .
]0;/home/randommonkey/shiny-apps/caf-general]0;randommonkey@ip-172-31-34-190: ~/shiny-apps/caf-general[01;32mrandommonkey@ip-172-31-34-190[00m:[01;34m~/shiny-apps/caf-general[00m$ [K]0;randommonkey@ip-172-31-34-190: ~/shiny-apps/caf-general[01;32mrandommonkey@ip-172-31-34-190[00m:[01;34m~/shiny-apps/caf-general[00m$ GIT ST[K[K[K[K[K[Kgit status
On branch master
Your branch is up-to-date with 'origin/master'.
Changes not staged for commit:
  (use "git add <file>..." to update what will be committed)
  (use "git checkout -- <file>..." to discard changes in working directory)

	[31mmodified:   server.R[m
	[31mmodified:   ui.R[m

Untracked files:
  (use "git add <file>..." to include in what will be committed)

	[31m.Rhistory[m
	[31m.Rproj.user/[m

no changes added to commit (use "git add" and/or "git commit -a")
]0;/home/randommonkey/shiny-apps/caf-general]0;randommonkey@ip-172-31-34-190: ~/shiny-apps/caf-general[01;32mrandommonkey@ip-172-31-34-190[00m:[01;34m~/shiny-apps/caf-general[00m$ git add .
]0;/home/randommonkey/shiny-apps/caf-general]0;randommonkey@ip-172-31-34-190: ~/shiny-apps/caf-general[01;32mrandommonkey@ip-172-31-34-190[00m:[01;34m~/shiny-apps/caf-general[00m$ git commit -m "are[Kreglo trncal F3'[K"
[master e7a608b] arreglo trncal F3
 35 files changed, 1130 insertions(+), 44 deletions(-)
 create mode 100644 .Rhistory
 create mode 100644 .Rproj.user/B5503C46/console06/EEA69BCA
 create mode 100644 .Rproj.user/B5503C46/console06/EEA69BCA.env
 create mode 100644 .Rproj.user/B5503C46/console06/INDEX001
 create mode 100644 .Rproj.user/B5503C46/pcs/files-pane.pper
 create mode 100644 .Rproj.user/B5503C46/pcs/source-pane.pper
 create mode 100644 .Rproj.user/B5503C46/pcs/windowlayoutstate.pper
 create mode 100644 .Rproj.user/B5503C46/pcs/workbench-pane.pper
 create mode 100644 .Rproj.user/B5503C46/persistent-state
 create mode 100644 .Rproj.user/B5503C46/saved_source_markers
 create mode 100644 .Rproj.user/B5503C46/sources/prop/62399479
 create mode 100644 .Rproj.user/B5503C46/sources/prop/9EE2D6E2
 create mode 100644 .Rproj.user/B5503C46/sources/prop/9F061FD3
 create mode 100644 .Rproj.user/B5503C46/sources/prop/INDEX
 create mode 100644 .Rproj.user/B5503C46/sources/s-a68dda93/18578C8F
 create mode 100644 .Rproj.user/B5503C46/sources/s-a68dda93/18578C8F-contents
 create mode 100644 .Rproj.user/B5503C46/sources/s-a68dda93/1ABCB8D3
 create mode 100644 .Rproj.user/B5503C46/sources/s-a68dda93/1ABCB8D3-contents
 create mode 100644 .Rproj.user/B5503C46/sources/s-a68dda93/2CFEC8AC
 create mode 100644 .Rproj.user/B5503C46/sources/s-a68dda93/2CFEC8AC-contents
 create mode 100644 .Rproj.user/B5503C46/sources/s-a68dda93/3B9317A4
 create mode 100644 .Rproj.user/B5503C46/sources/s-a68dda93/3B9317A4-contents
 create mode 100644 .Rproj.user/B5503C46/sources/s-a68dda93/5F7D52FA-contents
 create mode 100644 .Rproj.user/B5503C46/sources/s-a68dda93/96051057
 create mode 100644 .Rproj.user/B5503C46/sources/s-a68dda93/96051057-contents
 create mode 100644 .Rproj.user/B5503C46/sources/s-a68dda93/D64A0FD2
 create mode 100644 .Rproj.user/B5503C46/sources/s-a68dda93/D64A0FD2-contents
 create mode 100644 .Rproj.user/B5503C46/sources/s-a68dda93/D71FD65C
 create mode 100644 .Rproj.user/B5503C46/sources/s-a68dda93/D71FD65C-contents
 create mode 100644 .Rproj.user/B5503C46/sources/s-a68dda93/EFAA6B8F
 create mode 100644 .Rproj.user/B5503C46/sources/s-a68dda93/EFAA6B8F-contents
 create mode 100644 .Rproj.user/B5503C46/sources/s-a68dda93/lock_file
 create mode 100644 .Rproj.user/shared/notebooks/patch-chunk-names
]0;/home/randommonkey/shiny-apps/caf-general]0;randommonkey@ip-172-31-34-190: ~/shiny-apps/caf-general[01;32mrandommonkey@ip-172-31-34-190[00m:[01;34m~/shiny-apps/caf-general[00m$ GIT PUSH[K[K[K[K[K[K[K[Kgit push
warning: push.default is unset; its implicit value has changed in
Git 2.0 from 'matching' to 'simple'. To squelch this message
and maintain the traditional behavior, use:

  git config --global push.default matching

To squelch this message and adopt the new behavior now, use:

  git config --global push.default simple

When push.default is set to 'matching', git will push local branches
to the remote branches that already exist with the same name.

Since Git 2.0, Git defaults to the more conservative 'simple'
behavior, which only pushes the current branch to the corresponding
remote branch that 'git pull' uses to update the current branch.

See 'git help config' and search for 'push.default' for further information.
(the 'simple' mode was introduced in Git 1.7.11. Use the similar mode
'current' instead of 'simple' if you sometimes use older versions of Git)

error: cannot run rpostback-askpass: No such file or directory
Username for 'https://github.com': CamilaAchury
error: cannot run rpostback-askpass: No such file or directory
Password for 'https://CamilaAchury@github.com': 
Counting objects: 37, done.
Compressing objects:   3% (1/32)   Compressing objects:   6% (2/32)   Compressing objects:   9% (3/32)   Compressing objects:  12% (4/32)   Compressing objects:  15% (5/32)   Compressing objects:  18% (6/32)   Compressing objects:  21% (7/32)   Compressing objects:  25% (8/32)   Compressing objects:  28% (9/32)   Compressing objects:  31% (10/32)   Compressing objects:  34% (11/32)   Compressing objects:  37% (12/32)   Compressing objects:  40% (13/32)   Compressing objects:  43% (14/32)   Compressing objects:  46% (15/32)   Compressing objects:  50% (16/32)   Compressing objects:  53% (17/32)   Compressing objects:  56% (18/32)   Compressing objects:  59% (19/32)   Compressing objects:  62% (20/32)   Compressing objects:  65% (21/32)   Compressing objects:  68% (22/32)   Compressing objects:  71% (23/32)   Compressing objects:  75% (24/32)   Compressing objects:  78% (25/32)   Compressing objects:  81% (26/32)   Compressing objects:  84% (27/32)   Compressing objects:  87% (28/32)   Compressing objects:  90% (29/32)   Compressing objects:  93% (30/32)   Compressing objects:  96% (31/32)   Compressing objects: 100% (32/32)   Compressing objects: 100% (32/32), done.
Writing objects:   2% (1/37)   Writing objects:   5% (2/37)   Writing objects:   8% (3/37)   Writing objects:  10% (4/37)   Writing objects:  13% (5/37)   Writing objects:  16% (6/37)   Writing objects:  18% (7/37)   Writing objects:  21% (8/37)   Writing objects:  24% (9/37)   Writing objects:  27% (10/37)   Writing objects:  29% (11/37)   Writing objects:  32% (12/37)   Writing objects:  35% (13/37)   Writing objects:  37% (14/37)   Writing objects:  40% (15/37)   Writing objects:  43% (16/37)   Writing objects:  45% (17/37)   Writing objects:  48% (18/37)   Writing objects:  51% (19/37)   Writing objects:  54% (20/37)   Writing objects:  56% (21/37)   Writing objects:  59% (22/37)   Writing objects:  62% (23/37)   Writing objects:  64% (24/37)   Writing objects:  67% (25/37)   Writing objects:  70% (26/37)   Writing objects:  72% (27/37)   Writing objects:  75% (28/37)   Writing objects:  81% (30/37)   Writing objects:  83% (31/37)   Writing objects:  86% (32/37)   Writing objects:  89% (33/37)   Writing objects:  91% (34/37)   Writing objects:  94% (35/37)   Writing objects:  97% (36/37)   Writing objects: 100% (37/37)   Writing objects: 100% (37/37), 12.70 KiB | 0 bytes/s, done.
Total 37 (delta 6), reused 0 (delta 0)
remote: Resolving deltas:   0% (0/6)   [Kremote: Resolving deltas:  50% (3/6)   [Kremote: Resolving deltas: 100% (6/6)   [Kremote: Resolving deltas: 100% (6/6), done.[K
To https://github.com/randommonkey/caf-general.git
   2643cb4..e7a608b  master -> master
git add .
]0;/home/randommonkey/shiny-apps/caf-general]0;randommonkey@ip-172-31-34-190: ~/shiny-apps/caf-general[01;32mrandommonkey@ip-172-31-34-190[00m:[01;34m~/shiny-apps/caf-general[00m$ git commit - m"[K "ranca[K[K[K[K[K[K"arreglo trncalesorncales[1Prncales[Concales[C[C[C[C[C[C"
error: pathspec '-' did not match any file(s) known to git.
error: pathspec 'm' did not match any file(s) known to git.
error: pathspec 'arreglo troncales' did not match any file(s) known to git.
]0;/home/randommonkey/shiny-apps/caf-general]0;randommonkey@ip-172-31-34-190: ~/shiny-apps/caf-general[01;32mrandommonkey@ip-172-31-34-190[00m:[01;34m~/shiny-apps/caf-general[00m$ git push
warning: push.default is unset; its implicit value has changed in
Git 2.0 from 'matching' to 'simple'. To squelch this message
and maintain the traditional behavior, use:

  git config --global push.default matching

To squelch this message and adopt the new behavior now, use:

  git config --global push.default simple

When push.default is set to 'matching', git will push local branches
to the remote branches that already exist with the same name.

Since Git 2.0, Git defaults to the more conservative 'simple'
behavior, which only pushes the current branch to the corresponding
remote branch that 'git pull' uses to update the current branch.

See 'git help config' and search for 'push.default' for further information.
(the 'simple' mode was introduced in Git 1.7.11. Use the similar mode
'current' instead of 'simple' if you sometimes use older versions of Git)

error: cannot run rpostback-askpass: No such file or directory
Username for 'https://github.com': CamilaAchury
error: cannot run rpostback-askpass: No such file or directory
Password for 'https://CamilaAchury@github.com': 
Everything up-to-date
]0;/home/randommonkey/shiny-apps/caf-general]0;randommonkey@ip-172-31-34-190: ~/shiny-apps/caf-general[01;32mrandommonkey@ip-172-31-34-190[00m:[01;34m~/shiny-apps/caf-general[00m$ [K]0;randommonkey@ip-172-31-34-190: ~/shiny-apps/caf-general[01;32mrandommonkey@ip-172-31-34-190[00m:[01;34m~/shiny-apps/caf-general[00m$ git push[K[K[K[Kadd .
]0;/home/randommonkey/shiny-apps/caf-general]0;randommonkey@ip-172-31-34-190: ~/shiny-apps/caf-general[01;32mrandommonkey@ip-172-31-34-190[00m:[01;34m~/shiny-apps/caf-general[00m$ git commit- [K[K m [K[K[K-m[K[K -m "localidad ortografí a"
[master ee12183] localidad ortografía
 23 files changed, 237 insertions(+), 157 deletions(-)
 rewrite .Rproj.user/B5503C46/console06/INDEX001 (100%)
 delete mode 100644 .Rproj.user/B5503C46/sources/s-a68dda93/96051057
 delete mode 100644 .Rproj.user/B5503C46/sources/s-a68dda93/D64A0FD2
 delete mode 100644 .Rproj.user/B5503C46/sources/s-a68dda93/D71FD65C
]0;/home/randommonkey/shiny-apps/caf-general]0;randommonkey@ip-172-31-34-190: ~/shiny-apps/caf-general[01;32mrandommonkey@ip-172-31-34-190[00m:[01;34m~/shiny-apps/caf-general[00m$ git push
warning: push.default is unset; its implicit value has changed in
Git 2.0 from 'matching' to 'simple'. To squelch this message
and maintain the traditional behavior, use:

  git config --global push.default matching

To squelch this message and adopt the new behavior now, use:

  git config --global push.default simple

When push.default is set to 'matching', git will push local branches
to the remote branches that already exist with the same name.

Since Git 2.0, Git defaults to the more conservative 'simple'
behavior, which only pushes the current branch to the corresponding
remote branch that 'git pull' uses to update the current branch.

See 'git help config' and search for 'push.default' for further information.
(the 'simple' mode was introduced in Git 1.7.11. Use the similar mode
'current' instead of 'simple' if you sometimes use older versions of Git)

error: cannot run rpostback-askpass: No such file or directory
Username for 'https://github.com': CamilaAchury
error: cannot run rpostback-askpass: No such file or directory
Password for 'https://CamilaAchury@github.com': 
Counting objects: 26, done.
Compressing objects:   4% (1/24)   Compressing objects:   8% (2/24)   Compressing objects:  12% (3/24)   Compressing objects:  16% (4/24)   Compressing objects:  20% (5/24)   Compressing objects:  25% (6/24)   Compressing objects:  29% (7/24)   Compressing objects:  33% (8/24)   Compressing objects:  37% (9/24)   Compressing objects:  41% (10/24)   Compressing objects:  45% (11/24)   Compressing objects:  50% (12/24)   Compressing objects:  54% (13/24)   Compressing objects:  58% (14/24)   Compressing objects:  62% (15/24)   Compressing objects:  66% (16/24)   Compressing objects:  70% (17/24)   Compressing objects:  75% (18/24)   Compressing objects:  79% (19/24)   Compressing objects:  83% (20/24)   Compressing objects:  87% (21/24)   Compressing objects:  91% (22/24)   Compressing objects:  95% (23/24)   Compressing objects: 100% (24/24)   Compressing objects: 100% (24/24), done.
Writing objects:   3% (1/26)   Writing objects:   7% (2/26)   Writing objects:  11% (3/26)   Writing objects:  15% (4/26)   Writing objects:  19% (5/26)   Writing objects:  23% (6/26)   Writing objects:  26% (7/26)   Writing objects:  30% (8/26)   Writing objects:  34% (9/26)   Writing objects:  38% (10/26)   Writing objects:  42% (11/26)   Writing objects:  46% (12/26)   Writing objects:  50% (13/26)   Writing objects:  53% (14/26)   Writing objects:  57% (15/26)   Writing objects:  61% (16/26)   Writing objects:  65% (17/26)   Writing objects:  69% (18/26)   Writing objects:  73% (19/26)   Writing objects:  76% (20/26)   Writing objects:  80% (21/26)   Writing objects:  84% (22/26)   Writing objects:  88% (23/26)   Writing objects:  92% (24/26)   Writing objects:  96% (25/26)   Writing objects: 100% (26/26)   Writing objects: 100% (26/26), 5.38 KiB | 0 bytes/s, done.
Total 26 (delta 11), reused 0 (delta 0)
remote: Resolving deltas:   0% (0/11)   [Kremote: Resolving deltas:   9% (1/11)   [Kremote: Resolving deltas:  18% (2/11)   [Kremote: Resolving deltas:  27% (3/11)   [Kremote: Resolving deltas:  36% (4/11)   [Kremote: Resolving deltas:  45% (5/11)   [Kremote: Resolving deltas:  54% (6/11)   [Kremote: Resolving deltas:  63% (7/11)   [Kremote: Resolving deltas:  72% (8/11)   [Kremote: Resolving deltas:  81% (9/11)   [Kremote: Resolving deltas:  90% (10/11)   [Kremote: Resolving deltas: 100% (11/11)   [Kremote: Resolving deltas: 100% (11/11), completed with 11 local objects.[K
To https://github.com/randommonkey/caf-general.git
   e7a608b..ee12183  master -> master
]0;/home/randommonkey/shiny-apps/caf-general]0;randommonkey@ip-172-31-34-190: ~/shiny-apps/caf-general[01;32mrandommonkey@ip-172-31-34-190[00m:[01;34m~/shiny-apps/caf-general[00m$ git add .
]0;/home/randommonkey/shiny-apps/caf-general]0;randommonkey@ip-172-31-34-190: ~/shiny-apps/caf-general[01;32mrandommonkey@ip-172-31-34-190[00m:[01;34m~/shiny-apps/caf-general[00m$ git commit -m "Localidades bogotá" [A
[master cb6cf0f] Localidades bogotá
 5 files changed, 63 insertions(+), 8 deletions(-)
]0;/home/randommonkey/shiny-apps/caf-general]0;randommonkey@ip-172-31-34-190: ~/shiny-apps/caf-general[01;32mrandommonkey@ip-172-31-34-190[00m:[01;34m~/shiny-apps/caf-general[00m$ git push
warning: push.default is unset; its implicit value has changed in
Git 2.0 from 'matching' to 'simple'. To squelch this message
and maintain the traditional behavior, use:

  git config --global push.default matching

To squelch this message and adopt the new behavior now, use:

  git config --global push.default simple

When push.default is set to 'matching', git will push local branches
to the remote branches that already exist with the same name.

Since Git 2.0, Git defaults to the more conservative 'simple'
behavior, which only pushes the current branch to the corresponding
remote branch that 'git pull' uses to update the current branch.

See 'git help config' and search for 'push.default' for further information.
(the 'simple' mode was introduced in Git 1.7.11. Use the similar mode
'current' instead of 'simple' if you sometimes use older versions of Git)

error: cannot run rpostback-askpass: No such file or directory
Username for 'https://github.com': CamilaAchury
error: cannot run rpostback-askpass: No such file or directory
Password for 'https://CamilaAchury@github.com': 
remote: Invalid username or password.
fatal: Authentication failed for 'https://github.com/randommonkey/caf-general.git/'
]0;/home/randommonkey/shiny-apps/caf-general]0;randommonkey@ip-172-31-34-190: ~/shiny-apps/caf-general[01;32mrandommonkey@ip-172-31-34-190[00m:[01;34m~/shiny-apps/caf-general[00m$ git pushcommit -m "Localidades bogotá" [A
On branch master
Your branch is ahead of 'origin/master' by 1 commit.
  (use "git push" to publish your local commits)
Changes not staged for commit:
	[31mmodified:   .Rproj.user/B5503C46/console06/EEA69BCA[m

no changes added to commit
]0;/home/randommonkey/shiny-apps/caf-general]0;randommonkey@ip-172-31-34-190: ~/shiny-apps/caf-general[01;32mrandommonkey@ip-172-31-34-190[00m:[01;34m~/shiny-apps/caf-general[00m$ git commit -m "Localidades bogotá" [A[C[C[C[C[C[C[C[C[C[C[C[C[C[C[C[C[C[C[C[C[C[C[C[C[C[C[C[C[C[C[C[C[C[C[C[C[C[C[C[C[C[C[C[C[C[C[C[C[C[C[C[C[C[C[C[C[C[C[C[Cpush[K
[K[A[C[C[C[C[C[C[C[C[C[C[C[C[C[C[C[C[C[C[C[C[C[C[C[C[C[C[C[C[C[C[C[C[C[C[C[C[C[C[C[C[C[C[C[C[C[C[C[C[C[C[C[C[C[C[C[C[C[C[C[C[C[C[C[C
warning: push.default is unset; its implicit value has changed in
Git 2.0 from 'matching' to 'simple'. To squelch this message
and maintain the traditional behavior, use:

  git config --global push.default matching

To squelch this message and adopt the new behavior now, use:

  git config --global push.default simple

When push.default is set to 'matching', git will push local branches
to the remote branches that already exist with the same name.

Since Git 2.0, Git defaults to the more conservative 'simple'
behavior, which only pushes the current branch to the corresponding
remote branch that 'git pull' uses to update the current branch.

See 'git help config' and search for 'push.default' for further information.
(the 'simple' mode was introduced in Git 1.7.11. Use the similar mode
'current' instead of 'simple' if you sometimes use older versions of Git)

error: cannot run rpostback-askpass: No such file or directory
Username for 'https://github.com': CamilaAchury
error: cannot run rpostback-askpass: No such file or directory
Password for 'https://CamilaAchury@github.com': 
Counting objects: 12, done.
Compressing objects:   8% (1/12)   Compressing objects:  16% (2/12)   Compressing objects:  25% (3/12)   Compressing objects:  33% (4/12)   Compressing objects:  41% (5/12)   Compressing objects:  50% (6/12)   Compressing objects:  58% (7/12)   Compressing objects:  66% (8/12)   Compressing objects:  75% (9/12)   Compressing objects:  83% (10/12)   Compressing objects:  91% (11/12)   Compressing objects: 100% (12/12)   Compressing objects: 100% (12/12), done.
Writing objects:   8% (1/12)   Writing objects:  16% (2/12)   Writing objects:  25% (3/12)   Writing objects:  33% (4/12)   Writing objects:  41% (5/12)   Writing objects:  50% (6/12)   Writing objects:  58% (7/12)   Writing objects:  66% (8/12)   Writing objects:  75% (9/12)   Writing objects:  83% (10/12)   Writing objects:  91% (11/12)   Writing objects: 100% (12/12)   Writing objects: 100% (12/12), 1.66 KiB | 0 bytes/s, done.
Total 12 (delta 7), reused 0 (delta 0)
remote: Resolving deltas:   0% (0/7)   [Kremote: Resolving deltas:  14% (1/7)   [Kremote: Resolving deltas:  28% (2/7)   [Kremote: Resolving deltas:  42% (3/7)   [Kremote: Resolving deltas:  57% (4/7)   [Kremote: Resolving deltas:  71% (5/7)   [Kremote: Resolving deltas:  85% (6/7)   [Kremote: Resolving deltas: 100% (7/7)   [Kremote: Resolving deltas: 100% (7/7), completed with 7 local objects.[K
To https://github.com/randommonkey/caf-general.git
   ee12183..cb6cf0f  master -> master
]0;/home/randommonkey/shiny-apps/caf-general]0;randommonkey@ip-172-31-34-190: ~/shiny-apps/caf-general[01;32mrandommonkey@ip-172-31-34-190[00m:[01;34m~/shiny-apps/caf-general[00m$ [K]0;randommonkey@ip-172-31-34-190: ~/shiny-apps/caf-general[01;32mrandommonkey@ip-172-31-34-190[00m:[01;34m~/shiny-apps/caf-general[00m$ git add .[K[K[K[K[K[K[K[K[Kgit add .
