]0;/home/randommonkey/shiny-apps/caf-general]0;randommonkey@ip-172-31-34-190: ~/shiny-apps/caf-general[01;32mrandommonkey@ip-172-31-34-190[00m:[01;34m~/shiny-apps/caf-general[00m$ [K]0;randommonkey@ip-172-31-34-190: ~/shiny-apps/caf-general[01;32mrandommonkey@ip-172-31-34-190[00m:[01;34m~/shiny-apps/caf-general[00m$ git chea[Kkcout[K[K[K[K[Kckout -- .
]0;/home/randommonkey/shiny-apps/caf-general]0;randommonkey@ip-172-31-34-190: ~/shiny-apps/caf-general[01;32mrandommonkey@ip-172-31-34-190[00m:[01;34m~/shiny-apps/caf-general[00m$ [K]0;randommonkey@ip-172-31-34-190: ~/shiny-apps/caf-general[01;32mrandommonkey@ip-172-31-34-190[00m:[01;34m~/shiny-apps/caf-general[00m$ GIT ST[K[K[K[K[K[Kgit status
On branch master
Your branch is up-to-date with 'origin/master'.
Changes not staged for commit:
  (use "git add <file>..." to update what will be committed)
  (use "git checkout -- <file>..." to discard changes in working directory)

	[31mmodified:   server.R[m
	[31mmodified:   ui.R[m

Untracked files:
  (use "git add <file>..." to include in what will be committed)

	[31m.Rhistory[m
	[31m.Rproj.user/[m

no changes added to commit (use "git add" and/or "git commit -a")
]0;/home/randommonkey/shiny-apps/caf-general]0;randommonkey@ip-172-31-34-190: ~/shiny-apps/caf-general[01;32mrandommonkey@ip-172-31-34-190[00m:[01;34m~/shiny-apps/caf-general[00m$ git add .
]0;/home/randommonkey/shiny-apps/caf-general]0;randommonkey@ip-172-31-34-190: ~/shiny-apps/caf-general[01;32mrandommonkey@ip-172-31-34-190[00m:[01;34m~/shiny-apps/caf-general[00m$ git commit -m "are[Kreglo trncal F3'[K"
[master e7a608b] arreglo trncal F3
 35 files changed, 1130 insertions(+), 44 deletions(-)
 create mode 100644 .Rhistory
 create mode 100644 .Rproj.user/B5503C46/console06/EEA69BCA
 create mode 100644 .Rproj.user/B5503C46/console06/EEA69BCA.env
 create mode 100644 .Rproj.user/B5503C46/console06/INDEX001
 create mode 100644 .Rproj.user/B5503C46/pcs/files-pane.pper
 create mode 100644 .Rproj.user/B5503C46/pcs/source-pane.pper
 create mode 100644 .Rproj.user/B5503C46/pcs/windowlayoutstate.pper
 create mode 100644 .Rproj.user/B5503C46/pcs/workbench-pane.pper
 create mode 100644 .Rproj.user/B5503C46/persistent-state
 create mode 100644 .Rproj.user/B5503C46/saved_source_markers
 create mode 100644 .Rproj.user/B5503C46/sources/prop/62399479
 create mode 100644 .Rproj.user/B5503C46/sources/prop/9EE2D6E2
 create mode 100644 .Rproj.user/B5503C46/sources/prop/9F061FD3
 create mode 100644 .Rproj.user/B5503C46/sources/prop/INDEX
 create mode 100644 .Rproj.user/B5503C46/sources/s-a68dda93/18578C8F
 create mode 100644 .Rproj.user/B5503C46/sources/s-a68dda93/18578C8F-contents
 create mode 100644 .Rproj.user/B5503C46/sources/s-a68dda93/1ABCB8D3
 create mode 100644 .Rproj.user/B5503C46/sources/s-a68dda93/1ABCB8D3-contents
 create mode 100644 .Rproj.user/B5503C46/sources/s-a68dda93/2CFEC8AC
 create mode 100644 .Rproj.user/B5503C46/sources/s-a68dda93/2CFEC8AC-contents
 create mode 100644 .Rproj.user/B5503C46/sources/s-a68dda93/3B9317A4
 create mode 100644 .Rproj.user/B5503C46/sources/s-a68dda93/3B9317A4-contents
 create mode 100644 .Rproj.user/B5503C46/sources/s-a68dda93/5F7D52FA-contents
 create mode 100644 .Rproj.user/B5503C46/sources/s-a68dda93/96051057
 create mode 100644 .Rproj.user/B5503C46/sources/s-a68dda93/96051057-contents
 create mode 100644 .Rproj.user/B5503C46/sources/s-a68dda93/D64A0FD2
 create mode 100644 .Rproj.user/B5503C46/sources/s-a68dda93/D64A0FD2-contents
 create mode 100644 .Rproj.user/B5503C46/sources/s-a68dda93/D71FD65C
 create mode 100644 .Rproj.user/B5503C46/sources/s-a68dda93/D71FD65C-contents
 create mode 100644 .Rproj.user/B5503C46/sources/s-a68dda93/EFAA6B8F
 create mode 100644 .Rproj.user/B5503C46/sources/s-a68dda93/EFAA6B8F-contents
 create mode 100644 .Rproj.user/B5503C46/sources/s-a68dda93/lock_file
 create mode 100644 .Rproj.user/shared/notebooks/patch-chunk-names
]0;/home/randommonkey/shiny-apps/caf-general]0;randommonkey@ip-172-31-34-190: ~/shiny-apps/caf-general[01;32mrandommonkey@ip-172-31-34-190[00m:[01;34m~/shiny-apps/caf-general[00m$ GIT PUSH[K[K[K[K[K[K[K[Kgit push
warning: push.default is unset; its implicit value has changed in
Git 2.0 from 'matching' to 'simple'. To squelch this message
and maintain the traditional behavior, use:

  git config --global push.default matching

To squelch this message and adopt the new behavior now, use:

  git config --global push.default simple

When push.default is set to 'matching', git will push local branches
to the remote branches that already exist with the same name.

Since Git 2.0, Git defaults to the more conservative 'simple'
behavior, which only pushes the current branch to the corresponding
remote branch that 'git pull' uses to update the current branch.

See 'git help config' and search for 'push.default' for further information.
(the 'simple' mode was introduced in Git 1.7.11. Use the similar mode
'current' instead of 'simple' if you sometimes use older versions of Git)

error: cannot run rpostback-askpass: No such file or directory
Username for 'https://github.com': CamilaAchury
error: cannot run rpostback-askpass: No such file or directory
Password for 'https://CamilaAchury@github.com': 
Counting objects: 37, done.
Compressing objects:   3% (1/32)   Compressing objects:   6% (2/32)   Compressing objects:   9% (3/32)   Compressing objects:  12% (4/32)   Compressing objects:  15% (5/32)   Compressing objects:  18% (6/32)   Compressing objects:  21% (7/32)   Compressing objects:  25% (8/32)   Compressing objects:  28% (9/32)   Compressing objects:  31% (10/32)   Compressing objects:  34% (11/32)   Compressing objects:  37% (12/32)   Compressing objects:  40% (13/32)   Compressing objects:  43% (14/32)   Compressing objects:  46% (15/32)   Compressing objects:  50% (16/32)   Compressing objects:  53% (17/32)   Compressing objects:  56% (18/32)   Compressing objects:  59% (19/32)   Compressing objects:  62% (20/32)   Compressing objects:  65% (21/32)   Compressing objects:  68% (22/32)   Compressing objects:  71% (23/32)   Compressing objects:  75% (24/32)   Compressing objects:  78% (25/32)   Compressing objects:  81% (26/32)   Compressing objects:  84% (27/32)   Compressing objects:  87% (28/32)   Compressing objects:  90% (29/32)   Compressing objects:  93% (30/32)   Compressing objects:  96% (31/32)   Compressing objects: 100% (32/32)   Compressing objects: 100% (32/32), done.
Writing objects:   2% (1/37)   Writing objects:   5% (2/37)   Writing objects:   8% (3/37)   Writing objects:  10% (4/37)   Writing objects:  13% (5/37)   Writing objects:  16% (6/37)   Writing objects:  18% (7/37)   Writing objects:  21% (8/37)   Writing objects:  24% (9/37)   Writing objects:  27% (10/37)   Writing objects:  29% (11/37)   Writing objects:  32% (12/37)   Writing objects:  35% (13/37)   Writing objects:  37% (14/37)   Writing objects:  40% (15/37)   Writing objects:  43% (16/37)   Writing objects:  45% (17/37)   Writing objects:  48% (18/37)   Writing objects:  51% (19/37)   Writing objects:  54% (20/37)   Writing objects:  56% (21/37)   Writing objects:  59% (22/37)   Writing objects:  62% (23/37)   Writing objects:  64% (24/37)   Writing objects:  67% (25/37)   Writing objects:  70% (26/37)   Writing objects:  72% (27/37)   Writing objects:  75% (28/37)   Writing objects:  81% (30/37)   Writing objects:  83% (31/37)   Writing objects:  86% (32/37)   Writing objects:  89% (33/37)   Writing objects:  91% (34/37)   Writing objects:  94% (35/37)   Writing objects:  97% (36/37)   Writing objects: 100% (37/37)   Writing objects: 100% (37/37), 12.70 KiB | 0 bytes/s, done.
Total 37 (delta 6), reused 0 (delta 0)
remote: Resolving deltas:   0% (0/6)   [Kremote: Resolving deltas:  50% (3/6)   [Kremote: Resolving deltas: 100% (6/6)   [Kremote: Resolving deltas: 100% (6/6), done.[K
To https://github.com/randommonkey/caf-general.git
   2643cb4..e7a608b  master -> master
git add .
]0;/home/randommonkey/shiny-apps/caf-general]0;randommonkey@ip-172-31-34-190: ~/shiny-apps/caf-general[01;32mrandommonkey@ip-172-31-34-190[00m:[01;34m~/shiny-apps/caf-general[00m$ git commit - m"[K "ranca[K[K[K[K[K[K"arreglo trncalesorncales[1Prncales[Concales[C[C[C[C[C[C"
error: pathspec '-' did not match any file(s) known to git.
error: pathspec 'm' did not match any file(s) known to git.
error: pathspec 'arreglo troncales' did not match any file(s) known to git.
]0;/home/randommonkey/shiny-apps/caf-general]0;randommonkey@ip-172-31-34-190: ~/shiny-apps/caf-general[01;32mrandommonkey@ip-172-31-34-190[00m:[01;34m~/shiny-apps/caf-general[00m$ git push
warning: push.default is unset; its implicit value has changed in
Git 2.0 from 'matching' to 'simple'. To squelch this message
and maintain the traditional behavior, use:

  git config --global push.default matching

To squelch this message and adopt the new behavior now, use:

  git config --global push.default simple

When push.default is set to 'matching', git will push local branches
to the remote branches that already exist with the same name.

Since Git 2.0, Git defaults to the more conservative 'simple'
behavior, which only pushes the current branch to the corresponding
remote branch that 'git pull' uses to update the current branch.

See 'git help config' and search for 'push.default' for further information.
(the 'simple' mode was introduced in Git 1.7.11. Use the similar mode
'current' instead of 'simple' if you sometimes use older versions of Git)

error: cannot run rpostback-askpass: No such file or directory
Username for 'https://github.com': CamilaAchury
error: cannot run rpostback-askpass: No such file or directory
Password for 'https://CamilaAchury@github.com': 
Everything up-to-date
]0;/home/randommonkey/shiny-apps/caf-general]0;randommonkey@ip-172-31-34-190: ~/shiny-apps/caf-general[01;32mrandommonkey@ip-172-31-34-190[00m:[01;34m~/shiny-apps/caf-general[00m$ [K]0;randommonkey@ip-172-31-34-190: ~/shiny-apps/caf-general[01;32mrandommonkey@ip-172-31-34-190[00m:[01;34m~/shiny-apps/caf-general[00m$ git push[K[K[K[Kadd .
